Archive member included because of file (symbol)

/home/pebble/.pebble-sdk/SDKs/current/sdk-core/pebble/aplite/lib/libpebble.a(tmp7jpKUopebble.o)
                              src/c/Ruler_Weather.c.34.o (app_event_loop)
/home/pebble/pebble-dev/pebble-sdk-4.5-linux64/arm-cs-tools/bin/../lib/gcc/arm-none-eabi/4.7.2/thumb2/libgcc.a(_arm_addsubsf3.o)
                              src/c/Ruler_Weather.c.34.o (__aeabi_fsub)
/home/pebble/pebble-dev/pebble-sdk-4.5-linux64/arm-cs-tools/bin/../lib/gcc/arm-none-eabi/4.7.2/thumb2/libgcc.a(_arm_muldivsf3.o)
                              src/c/Ruler_Weather.c.34.o (__aeabi_fmul)
/home/pebble/pebble-dev/pebble-sdk-4.5-linux64/arm-cs-tools/bin/../lib/gcc/arm-none-eabi/4.7.2/thumb2/libgcc.a(_arm_cmpsf2.o)
                              src/c/Ruler_Weather.c.34.o (__aeabi_fcmpge)

Allocating common symbols
Common symbol       size              file

timer_short         0x4               src/c/Ruler_Weather.c.34.o

Discarded input sections

 .text          0x0000000000000000        0x0 /home/pebble/pebble-dev/pebble-sdk-4.5-linux64/arm-cs-tools/bin/../lib/gcc/arm-none-eabi/4.7.2/thumb2/crti.o
 .bss           0x0000000000000000        0x0 /home/pebble/pebble-dev/pebble-sdk-4.5-linux64/arm-cs-tools/bin/../lib/gcc/arm-none-eabi/4.7.2/thumb2/crti.o
 .init          0x0000000000000000        0x4 /home/pebble/pebble-dev/pebble-sdk-4.5-linux64/arm-cs-tools/bin/../lib/gcc/arm-none-eabi/4.7.2/thumb2/crti.o
 .fini          0x0000000000000000        0x4 /home/pebble/pebble-dev/pebble-sdk-4.5-linux64/arm-cs-tools/bin/../lib/gcc/arm-none-eabi/4.7.2/thumb2/crti.o
 .text          0x0000000000000000       0xc8 /home/pebble/pebble-dev/pebble-sdk-4.5-linux64/arm-cs-tools/bin/../lib/gcc/arm-none-eabi/4.7.2/thumb2/crtbegin.o
 .bss           0x0000000000000000       0x1c /home/pebble/pebble-dev/pebble-sdk-4.5-linux64/arm-cs-tools/bin/../lib/gcc/arm-none-eabi/4.7.2/thumb2/crtbegin.o
 .init_array    0x0000000000000000        0x4 /home/pebble/pebble-dev/pebble-sdk-4.5-linux64/arm-cs-tools/bin/../lib/gcc/arm-none-eabi/4.7.2/thumb2/crtbegin.o
 .fini_array    0x0000000000000000        0x4 /home/pebble/pebble-dev/pebble-sdk-4.5-linux64/arm-cs-tools/bin/../lib/gcc/arm-none-eabi/4.7.2/thumb2/crtbegin.o
 .eh_frame      0x0000000000000000        0x0 /home/pebble/pebble-dev/pebble-sdk-4.5-linux64/arm-cs-tools/bin/../lib/gcc/arm-none-eabi/4.7.2/thumb2/crtbegin.o
 .jcr           0x0000000000000000        0x0 /home/pebble/pebble-dev/pebble-sdk-4.5-linux64/arm-cs-tools/bin/../lib/gcc/arm-none-eabi/4.7.2/thumb2/crtbegin.o
 .tm_clone_table
                0x0000000000000000        0x0 /home/pebble/pebble-dev/pebble-sdk-4.5-linux64/arm-cs-tools/bin/../lib/gcc/arm-none-eabi/4.7.2/thumb2/crtbegin.o
 .text          0x0000000000000000        0x0 src/c/Ruler_Weather.c.34.o
 .bss           0x0000000000000000        0x0 src/c/Ruler_Weather.c.34.o
 .text.abs      0x0000000000000000        0x8 src/c/Ruler_Weather.c.34.o
 .text.my_sqrt  0x0000000000000000       0x48 src/c/Ruler_Weather.c.34.o
 COMMON         0x0000000000000000        0x4 src/c/Ruler_Weather.c.34.o
 .text          0x0000000000000000        0x0 aplite/appinfo.auto.c.34.o
 .bss           0x0000000000000000        0x0 aplite/appinfo.auto.c.34.o
 .text          0x0000000000000000        0x0 aplite/src/resource_ids.auto.c.34.o
 .bss           0x0000000000000000        0x0 aplite/src/resource_ids.auto.c.34.o
 .data.RESOURCE_ID_AVERSES_DE_PLUIE_FORTE_W
                0x0000000000000000        0x4 aplite/src/resource_ids.auto.c.34.o
 .data.RESOURCE_ID_FONT_CLEARVIEW_45
                0x0000000000000000        0x4 aplite/src/resource_ids.auto.c.34.o
 .data.RESOURCE_ID_TABLE
                0x0000000000000000        0x4 aplite/src/resource_ids.auto.c.34.o
 .data.RESOURCE_ID_NUIT_AVEC_AVERSES
                0x0000000000000000        0x4 aplite/src/resource_ids.auto.c.34.o
 .data.RESOURCE_ID_NUIT_BIEN_DEGAGEE
                0x0000000000000000        0x4 aplite/src/resource_ids.auto.c.34.o
 .data.RESOURCE_ID_NUIT_AVEC_AVERSES_W
                0x0000000000000000        0x4 aplite/src/resource_ids.auto.c.34.o
 .data.RESOURCE_ID_POURTOUR
                0x0000000000000000        0x4 aplite/src/resource_ids.auto.c.34.o
 .data.RESOURCE_ID_NUIT_BIEN_DEGAGEE_W
                0x0000000000000000        0x4 aplite/src/resource_ids.auto.c.34.o
 .data.RESOURCE_ID_NUIT_AVEC_DEVELOPPEMENT_NUAGEUX_W
                0x0000000000000000        0x4 aplite/src/resource_ids.auto.c.34.o
 .data.RESOURCE_ID_COUVERT_AVEC_AVERSES
                0x0000000000000000        0x4 aplite/src/resource_ids.auto.c.34.o
 .data.RESOURCE_ID_SILENT
                0x0000000000000000        0x4 aplite/src/resource_ids.auto.c.34.o
 .data.RESOURCE_ID_FORTEMENT_NUAGEUX
                0x0000000000000000        0x4 aplite/src/resource_ids.auto.c.34.o
 .data.RESOURCE_ID_COUVERT_AVEC_AVERSES_W
                0x0000000000000000        0x4 aplite/src/resource_ids.auto.c.34.o
[...]
Memory Configuration

Name             Origin             Length             Attributes
APP              0x0000000000000000 0x0000000000006000 xrw
*default*        0x0000000000000000 0xffffffffffffffff

Linker script and memory map

LOAD /home/pebble/pebble-dev/pebble-sdk-4.5-linux64/arm-cs-tools/bin/../lib/gcc/arm-none-eabi/4.7.2/thumb2/crti.o
LOAD /home/pebble/pebble-dev/pebble-sdk-4.5-linux64/arm-cs-tools/bin/../lib/gcc/arm-none-eabi/4.7.2/thumb2/crtbegin.o
LOAD src/c/Ruler_Weather.c.34.o
LOAD aplite/appinfo.auto.c.34.o
LOAD aplite/src/resource_ids.auto.c.34.o
LOAD src/message_keys.auto.c.34.o
LOAD /home/pebble/.pebble-sdk/SDKs/current/sdk-core/pebble/aplite/lib/libpebble.a
START GROUP
LOAD /home/pebble/pebble-dev/pebble-sdk-4.5-linux64/arm-cs-tools/bin/../lib/gcc/arm-none-eabi/4.7.2/thumb2/libgcc.a
LOAD /home/pebble/pebble-dev/pebble-sdk-4.5-linux64/arm-cs-tools/bin/../lib/gcc/arm-none-eabi/4.7.2/../../../../arm-none-eabi/lib/thumb2/libc.a
END GROUP
LOAD /home/pebble/pebble-dev/pebble-sdk-4.5-linux64/arm-cs-tools/bin/../lib/gcc/arm-none-eabi/4.7.2/thumb2/crtend.o
LOAD /home/pebble/pebble-dev/pebble-sdk-4.5-linux64/arm-cs-tools/bin/../lib/gcc/arm-none-eabi/4.7.2/thumb2/crtn.o

.header         0x0000000000000000       0x82
 *(.pbl_header)
 .pbl_header    0x0000000000000000       0x82 aplite/appinfo.auto.c.34.o
                0x0000000000000000                __pbl_app_info

.note.gnu.build-id
                0x0000000000000082       0x26
                0x0000000000000082                PROVIDE (BUILD_ID, .)
 *(.note.gnu.build-id)
 *fill*         0x0000000000000082        0x2 
 .note.gnu.build-id
                0x0000000000000084       0x24 linker stubs

.text           0x00000000000000a8     0x30e7
 *(.text)
 .text          0x00000000000000a8       0x14 /home/pebble/.pebble-sdk/SDKs/current/sdk-core/pebble/aplite/lib/libpebble.a(tmp7jpKUopebble.o)
 *(.text.*)
 .text.outbox_failed_callback
                0x00000000000000bc        0x2 src/c/Ruler_Weather.c.34.o
 .text.outbox_sent_callback
                0x00000000000000be        0x2 src/c/Ruler_Weather.c.34.o
 .text.assign_fonts
                0x00000000000000c0      0x1a8 src/c/Ruler_Weather.c.34.o
 .text.bt_handler
                0x0000000000000268       0x40 src/c/Ruler_Weather.c.34.o
                0x0000000000000268                bt_handler
 .text.inbox_received_callback
                0x00000000000002a8      0xef0 src/c/Ruler_Weather.c.34.o
 .text.handle_tick
                0x0000000000001198       0xec src/c/Ruler_Weather.c.34.o
 .text.build_number
                0x0000000000001284       0x52 src/c/Ruler_Weather.c.34.o
 *fill*         0x00000000000012d6        0x2 
 .text.app_focus_changing
                0x00000000000012d8       0x14 src/c/Ruler_Weather.c.34.o
 .text.app_focus_changed
                0x00000000000012ec       0x20 src/c/Ruler_Weather.c.34.o
 .text.build_icon
                0x000000000000130c      0x2ac src/c/Ruler_Weather.c.34.o
 .text.update_proc
                0x00000000000015b8      0x9a8 src/c/Ruler_Weather.c.34.o
 .text.startup.main
                0x0000000000001f60      0xc7c src/c/Ruler_Weather.c.34.o
                0x0000000000001f60                main
 .text.app_event_loop
                0x0000000000002bdc        0xc /home/pebble/.pebble-sdk/SDKs/current/sdk-core/pebble/aplite/lib/libpebble.a(tmp7jpKUopebble.o)
                0x0000000000002bdc                app_event_loop
 .text.app_message_deregister_callbacks
                0x0000000000002be8        0xc /home/pebble/.pebble-sdk/SDKs/current/sdk-core/pebble/aplite/lib/libpebble.a(tmp7jpKUopebble.o)
                0x0000000000002be8                app_message_deregister_callbacks
 .text.app_message_open
                0x0000000000002bf4        0xc /home/pebble/.pebble-sdk/SDKs/current/sdk-core/pebble/aplite/lib/libpebble.a(tmp7jpKUopebble.o)
                0x0000000000002bf4                app_message_open
 .text.atoi     0x0000000000002c00        0xc /home/pebble/.pebble-sdk/SDKs/current/sdk-core/pebble/aplite/lib/libpebble.a(tmp7jpKUopebble.o)
                0x0000000000002c00                atoi
 .text.battery_state_service_peek
                0x0000000000002c0c        0xc /home/pebble/.pebble-sdk/SDKs/current/sdk-core/pebble/aplite/lib/libpebble.a(tmp7jpKUopebble.o)
                0x0000000000002c0c                battery_state_service_peek
 .text.bluetooth_connection_service_subscribe
                0x0000000000002c18        0xc /home/pebble/.pebble-sdk/SDKs/current/sdk-core/pebble/aplite/lib/libpebble.a(tmp7jpKUopebble.o)
                0x0000000000002c18                bluetooth_connection_service_subscribe
 .text.bluetooth_connection_service_unsubscribe
                0x0000000000002c24        0xc /home/pebble/.pebble-sdk/SDKs/current/sdk-core/pebble/aplite/lib/libpebble.a(tmp7jpKUopebble.o)
                0x0000000000002c24                bluetooth_connection_service_unsubscribe
 .text.clock_is_24h_style
                0x0000000000002c30        0xc /home/pebble/.pebble-sdk/SDKs/current/sdk-core/pebble/aplite/lib/libpebble.a(tmp7jpKUopebble.o)
                0x0000000000002c30                clock_is_24h_style
 .text.dict_find
                0x0000000000002c3c        0xc /home/pebble/.pebble-sdk/SDKs/current/sdk-core/pebble/aplite/lib/libpebble.a(tmp7jpKUopebble.o)
                0x0000000000002c3c                dict_find
 .text.dict_write_uint8
                0x0000000000002c48        0xc /home/pebble/.pebble-sdk/SDKs/current/sdk-core/pebble/aplite/lib/libpebble.a(tmp7jpKUopebble.o)
                0x0000000000002c48                dict_write_uint8
 .text.fonts_get_system_font
                0x0000000000002c54        0xc /home/pebble/.pebble-sdk/SDKs/current/sdk-core/pebble/aplite/lib/libpebble.a(tmp7jpKUopebble.o)
                0x0000000000002c54                fonts_get_system_font
 .text.fonts_load_custom_font
                0x0000000000002c60        0xc /home/pebble/.pebble-sdk/SDKs/current/sdk-core/pebble/aplite/lib/libpebble.a(tmp7jpKUopebble.o)
                0x0000000000002c60                fonts_load_custom_font
 .text.gbitmap_create_with_resource
                0x0000000000002c6c        0xc /home/pebble/.pebble-sdk/SDKs/current/sdk-core/pebble/aplite/lib/libpebble.a(tmp7jpKUopebble.o)
                0x0000000000002c6c                gbitmap_create_with_resource
 .text.gbitmap_destroy
                0x0000000000002c78        0xc /home/pebble/.pebble-sdk/SDKs/current/sdk-core/pebble/aplite/lib/libpebble.a(tmp7jpKUopebble.o)
                0x0000000000002c78                gbitmap_destroy
 .text.graphics_context_set_compositing_mode
                0x0000000000002c84        0xc /home/pebble/.pebble-sdk/SDKs/current/sdk-core/pebble/aplite/lib/libpebble.a(tmp7jpKUopebble.o)
                0x0000000000002c84                graphics_context_set_compositing_mode
 .text.graphics_draw_bitmap_in_rect
                0x0000000000002c90        0xc /home/pebble/.pebble-sdk/SDKs/current/sdk-core/pebble/aplite/lib/libpebble.a(tmp7jpKUopebble.o)
                0x0000000000002c90                graphics_draw_bitmap_in_rect
 .text.graphics_fill_rect
                0x0000000000002c9c        0xc /home/pebble/.pebble-sdk/SDKs/current/sdk-core/pebble/aplite/lib/libpebble.a(tmp7jpKUopebble.o)
                0x0000000000002c9c                graphics_fill_rect
 .text.layer_add_child
                0x0000000000002ca8        0xc /home/pebble/.pebble-sdk/SDKs/current/sdk-core/pebble/aplite/lib/libpebble.a(tmp7jpKUopebble.o)
                0x0000000000002ca8                layer_add_child
 .text.layer_create
                0x0000000000002cb4        0xc /home/pebble/.pebble-sdk/SDKs/current/sdk-core/pebble/aplite/lib/libpebble.a(tmp7jpKUopebble.o)
                0x0000000000002cb4                layer_create
 .text.layer_destroy
                0x0000000000002cc0        0xc /home/pebble/.pebble-sdk/SDKs/current/sdk-core/pebble/aplite/lib/libpebble.a(tmp7jpKUopebble.o)
                0x0000000000002cc0                layer_destroy
 .text.layer_get_bounds
                0x0000000000002ccc        0xc /home/pebble/.pebble-sdk/SDKs/current/sdk-core/pebble/aplite/lib/libpebble.a(tmp7jpKUopebble.o)
                0x0000000000002ccc                layer_get_bounds
 .text.layer_mark_dirty
                0x0000000000002cd8        0xc /home/pebble/.pebble-sdk/SDKs/current/sdk-core/pebble/aplite/lib/libpebble.a(tmp7jpKUopebble.o)
                0x0000000000002cd8                layer_mark_dirty
 .text.layer_set_hidden
                0x0000000000002ce4        0xc /home/pebble/.pebble-sdk/SDKs/current/sdk-core/pebble/aplite/lib/libpebble.a(tmp7jpKUopebble.o)
                0x0000000000002ce4                layer_set_hidden
 .text.layer_set_update_proc
                0x0000000000002cf0        0xc /home/pebble/.pebble-sdk/SDKs/current/sdk-core/pebble/aplite/lib/libpebble.a(tmp7jpKUopebble.o)
                0x0000000000002cf0                layer_set_update_proc
 .text.memset   0x0000000000002cfc        0xc /home/pebble/.pebble-sdk/SDKs/current/sdk-core/pebble/aplite/lib/libpebble.a(tmp7jpKUopebble.o)
                0x0000000000002cfc                memset
 .text.persist_exists
                0x0000000000002d08        0xc /home/pebble/.pebble-sdk/SDKs/current/sdk-core/pebble/aplite/lib/libpebble.a(tmp7jpKUopebble.o)
                0x0000000000002d08                persist_exists
 .text.persist_read_bool
                0x0000000000002d14        0xc /home/pebble/.pebble-sdk/SDKs/current/sdk-core/pebble/aplite/lib/libpebble.a(tmp7jpKUopebble.o)
                0x0000000000002d14                persist_read_bool
 .text.persist_read_int
                0x0000000000002d20        0xc /home/pebble/.pebble-sdk/SDKs/current/sdk-core/pebble/aplite/lib/libpebble.a(tmp7jpKUopebble.o)
                0x0000000000002d20                persist_read_int
 .text.persist_write_bool
                0x0000000000002d2c        0xc /home/pebble/.pebble-sdk/SDKs/current/sdk-core/pebble/aplite/lib/libpebble.a(tmp7jpKUopebble.o)
                0x0000000000002d2c                persist_write_bool
 .text.persist_write_int
                0x0000000000002d38        0xc /home/pebble/.pebble-sdk/SDKs/current/sdk-core/pebble/aplite/lib/libpebble.a(tmp7jpKUopebble.o)
                0x0000000000002d38                persist_write_int
 .text.persist_write_string
                0x0000000000002d44        0xc /home/pebble/.pebble-sdk/SDKs/current/sdk-core/pebble/aplite/lib/libpebble.a(tmp7jpKUopebble.o)
                0x0000000000002d44                persist_write_string
 .text.resource_get_handle
                0x0000000000002d50        0xc /home/pebble/.pebble-sdk/SDKs/current/sdk-core/pebble/aplite/lib/libpebble.a(tmp7jpKUopebble.o)
                0x0000000000002d50                resource_get_handle
 .text.snprintf
                0x0000000000002d5c        0xc /home/pebble/.pebble-sdk/SDKs/current/sdk-core/pebble/aplite/lib/libpebble.a(tmp7jpKUopebble.o)
                0x0000000000002d5c                snprintf
 .text.strcmp   0x0000000000002d68        0xc /home/pebble/.pebble-sdk/SDKs/current/sdk-core/pebble/aplite/lib/libpebble.a(tmp7jpKUopebble.o)
                0x0000000000002d68                strcmp
 .text.strcpy   0x0000000000002d74        0xc /home/pebble/.pebble-sdk/SDKs/current/sdk-core/pebble/aplite/lib/libpebble.a(tmp7jpKUopebble.o)
                0x0000000000002d74                strcpy
 .text.strftime
                0x0000000000002d80        0xc /home/pebble/.pebble-sdk/SDKs/current/sdk-core/pebble/aplite/lib/libpebble.a(tmp7jpKUopebble.o)
                0x0000000000002d80                strftime
 .text.tick_timer_service_subscribe
                0x0000000000002d8c        0xc /home/pebble/.pebble-sdk/SDKs/current/sdk-core/pebble/aplite/lib/libpebble.a(tmp7jpKUopebble.o)
                0x0000000000002d8c                tick_timer_service_subscribe
 .text.tick_timer_service_unsubscribe
                0x0000000000002d98        0xc /home/pebble/.pebble-sdk/SDKs/current/sdk-core/pebble/aplite/lib/libpebble.a(tmp7jpKUopebble.o)
                0x0000000000002d98                tick_timer_service_unsubscribe
 .text.vibes_double_pulse
                0x0000000000002da4        0xc /home/pebble/.pebble-sdk/SDKs/current/sdk-core/pebble/aplite/lib/libpebble.a(tmp7jpKUopebble.o)
                0x0000000000002da4                vibes_double_pulse
 .text.vibes_long_pulse
                0x0000000000002db0        0xc /home/pebble/.pebble-sdk/SDKs/current/sdk-core/pebble/aplite/lib/libpebble.a(tmp7jpKUopebble.o)
                0x0000000000002db0                vibes_long_pulse
 .text.window_create
                0x0000000000002dbc        0xc /home/pebble/.pebble-sdk/SDKs/current/sdk-core/pebble/aplite/lib/libpebble.a(tmp7jpKUopebble.o)
                0x0000000000002dbc                window_create
 .text.window_destroy
                0x0000000000002dc8        0xc /home/pebble/.pebble-sdk/SDKs/current/sdk-core/pebble/aplite/lib/libpebble.a(tmp7jpKUopebble.o)
                0x0000000000002dc8                window_destroy
 .text.window_get_root_layer
                0x0000000000002dd4        0xc /home/pebble/.pebble-sdk/SDKs/current/sdk-core/pebble/aplite/lib/libpebble.a(tmp7jpKUopebble.o)
                0x0000000000002dd4                window_get_root_layer
 .text.window_stack_push
                0x0000000000002de0        0xc /home/pebble/.pebble-sdk/SDKs/current/sdk-core/pebble/aplite/lib/libpebble.a(tmp7jpKUopebble.o)
                0x0000000000002de0                window_stack_push
 .text.app_message_outbox_begin
                0x0000000000002dec        0xc /home/pebble/.pebble-sdk/SDKs/current/sdk-core/pebble/aplite/lib/libpebble.a(tmp7jpKUopebble.o)
                0x0000000000002dec                app_message_outbox_begin
 .text.app_message_outbox_send
                0x0000000000002df8        0xc /home/pebble/.pebble-sdk/SDKs/current/sdk-core/pebble/aplite/lib/libpebble.a(tmp7jpKUopebble.o)
                0x0000000000002df8                app_message_outbox_send
 .text.app_message_register_inbox_received
                0x0000000000002e04        0xc /home/pebble/.pebble-sdk/SDKs/current/sdk-core/pebble/aplite/lib/libpebble.a(tmp7jpKUopebble.o)
                0x0000000000002e04                app_message_register_inbox_received
 .text.app_message_register_outbox_failed
                0x0000000000002e10        0xc /home/pebble/.pebble-sdk/SDKs/current/sdk-core/pebble/aplite/lib/libpebble.a(tmp7jpKUopebble.o)
                0x0000000000002e10                app_message_register_outbox_failed
 .text.app_message_register_outbox_sent
                0x0000000000002e1c        0xc /home/pebble/.pebble-sdk/SDKs/current/sdk-core/pebble/aplite/lib/libpebble.a(tmp7jpKUopebble.o)
                0x0000000000002e1c                app_message_register_outbox_sent
 .text.graphics_draw_text
                0x0000000000002e28        0xc /home/pebble/.pebble-sdk/SDKs/current/sdk-core/pebble/aplite/lib/libpebble.a(tmp7jpKUopebble.o)
                0x0000000000002e28                graphics_draw_text
 .text.persist_read_string
                0x0000000000002e34        0xc /home/pebble/.pebble-sdk/SDKs/current/sdk-core/pebble/aplite/lib/libpebble.a(tmp7jpKUopebble.o)
                0x0000000000002e34                persist_read_string
 .text.i18n_get_system_locale
                0x0000000000002e40        0xc /home/pebble/.pebble-sdk/SDKs/current/sdk-core/pebble/aplite/lib/libpebble.a(tmp7jpKUopebble.o)
                0x0000000000002e40                i18n_get_system_locale
 .text.mktime   0x0000000000002e4c        0xc /home/pebble/.pebble-sdk/SDKs/current/sdk-core/pebble/aplite/lib/libpebble.a(tmp7jpKUopebble.o)
                0x0000000000002e4c                mktime
 .text.graphics_context_set_fill_color
                0x0000000000002e58        0xc /home/pebble/.pebble-sdk/SDKs/current/sdk-core/pebble/aplite/lib/libpebble.a(tmp7jpKUopebble.o)
                0x0000000000002e58                graphics_context_set_fill_color
 .text.graphics_context_set_text_color
                0x0000000000002e64        0xc /home/pebble/.pebble-sdk/SDKs/current/sdk-core/pebble/aplite/lib/libpebble.a(tmp7jpKUopebble.o)
                0x0000000000002e64                graphics_context_set_text_color
 .text.localtime
                0x0000000000002e70        0xc /home/pebble/.pebble-sdk/SDKs/current/sdk-core/pebble/aplite/lib/libpebble.a(tmp7jpKUopebble.o)
                0x0000000000002e70                localtime
 .text.time     0x0000000000002e7c        0xc /home/pebble/.pebble-sdk/SDKs/current/sdk-core/pebble/aplite/lib/libpebble.a(tmp7jpKUopebble.o)
                0x0000000000002e7c                time
 .text.app_focus_service_subscribe_handlers
                0x0000000000002e88        0xc /home/pebble/.pebble-sdk/SDKs/current/sdk-core/pebble/aplite/lib/libpebble.a(tmp7jpKUopebble.o)
                0x0000000000002e88                app_focus_service_subscribe_handlers
 .text.connection_service_peek_pebble_app_connection
                0x0000000000002e94        0xc /home/pebble/.pebble-sdk/SDKs/current/sdk-core/pebble/aplite/lib/libpebble.a(tmp7jpKUopebble.o)
                0x0000000000002e94                connection_service_peek_pebble_app_connection
 .text.health_service_metric_accessible
                0x0000000000002ea0        0xc /home/pebble/.pebble-sdk/SDKs/current/sdk-core/pebble/aplite/lib/libpebble.a(tmp7jpKUopebble.o)
                0x0000000000002ea0                health_service_metric_accessible
 .text.health_service_sum_today
                0x0000000000002eac        0xc /home/pebble/.pebble-sdk/SDKs/current/sdk-core/pebble/aplite/lib/libpebble.a(tmp7jpKUopebble.o)
                0x0000000000002eac                health_service_sum_today
 .text.time_start_of_today
                0x0000000000002eb8        0xc /home/pebble/.pebble-sdk/SDKs/current/sdk-core/pebble/aplite/lib/libpebble.a(tmp7jpKUopebble.o)
                0x0000000000002eb8                time_start_of_today
 *(.rodata)
 .rodata        0x0000000000002ec4       0x18 src/c/Ruler_Weather.c.34.o
 *(.rodata*)
 .rodata.labels_12h
                0x0000000000002edc       0x70 src/c/Ruler_Weather.c.34.o
 .rodata.str1.1
                0x0000000000002f4c      0x243 src/c/Ruler_Weather.c.34.o
                                        0x246 (size before relaxing)

.glue_7         0x0000000000003190        0x0
 .glue_7        0x0000000000000000        0x0 linker stubs

.glue_7t        0x0000000000003190        0x0
 .glue_7t       0x0000000000000000        0x0 linker stubs

.vfp11_veneer   0x0000000000003190        0x0
 .vfp11_veneer  0x0000000000000000        0x0 linker stubs

.v4_bx          0x0000000000003190        0x0
 .v4_bx         0x0000000000000000        0x0 linker stubs

.iplt           0x0000000000003190        0x0
 .iplt          0x0000000000000000        0x0 /home/pebble/pebble-dev/pebble-sdk-4.5-linux64/arm-cs-tools/bin/../lib/gcc/arm-none-eabi/4.7.2/thumb2/crtbegin.o

.rel.dyn        0x0000000000003190        0x0
 .rel.iplt      0x0000000000000000        0x0 /home/pebble/pebble-dev/pebble-sdk-4.5-linux64/arm-cs-tools/bin/../lib/gcc/arm-none-eabi/4.7.2/thumb2/crtbegin.o

.data           0x0000000000003190      0x338
 *(.data)
 .data          0x0000000000003190        0x0 /home/pebble/pebble-dev/pebble-sdk-4.5-linux64/arm-cs-tools/bin/../lib/gcc/arm-none-eabi/4.7.2/thumb2/crti.o
 .data          0x0000000000003190        0x4 /home/pebble/pebble-dev/pebble-sdk-4.5-linux64/arm-cs-tools/bin/../lib/gcc/arm-none-eabi/4.7.2/thumb2/crtbegin.o
                0x0000000000003190                __dso_handle
 .data          0x0000000000003194        0x8 src/c/Ruler_Weather.c.34.o
 .data          0x000000000000319c        0x0 aplite/appinfo.auto.c.34.o
 .data          0x000000000000319c        0x0 aplite/src/resource_ids.auto.c.34.o
 .data          0x000000000000319c        0x0 src/message_keys.auto.c.34.o
 .data          0x000000000000319c        0x0 /home/pebble/.pebble-sdk/SDKs/current/sdk-core/pebble/aplite/lib/libpebble.a(tmp7jpKUopebble.o)
 .data          0x000000000000319c        0x0 /home/pebble/pebble-dev/pebble-sdk-4.5-linux64/arm-cs-tools/bin/../lib/gcc/arm-none-eabi/4.7.2/thumb2/libgcc.a(_arm_addsubsf3.o)
 .data          0x000000000000319c        0x0 /home/pebble/pebble-dev/pebble-sdk-4.5-linux64/arm-cs-tools/bin/../lib/gcc/arm-none-eabi/4.7.2/thumb2/libgcc.a(_arm_muldivsf3.o)
 .data          0x000000000000319c        0x0 /home/pebble/pebble-dev/pebble-sdk-4.5-linux64/arm-cs-tools/bin/../lib/gcc/arm-none-eabi/4.7.2/thumb2/libgcc.a(_arm_cmpsf2.o)
 .data          0x000000000000319c        0x0 /home/pebble/pebble-dev/pebble-sdk-4.5-linux64/arm-cs-tools/bin/../lib/gcc/arm-none-eabi/4.7.2/thumb2/crtend.o
 .data          0x000000000000319c        0x0 /home/pebble/pebble-dev/pebble-sdk-4.5-linux64/arm-cs-tools/bin/../lib/gcc/arm-none-eabi/4.7.2/thumb2/crtn.o
 *(.data.*)
 .data.h1       0x000000000000319c       0x14 src/c/Ruler_Weather.c.34.o
 .data.h2       0x00000000000031b0       0x14 src/c/Ruler_Weather.c.34.o
 .data.h3       0x00000000000031c4       0x14 src/c/Ruler_Weather.c.34.o
 .data.rel.ro.local.weekdayLangFr
                0x00000000000031d8       0x1c src/c/Ruler_Weather.c.34.o
 .data.segment_thickness
                0x00000000000031f4        0x4 src/c/Ruler_Weather.c.34.o
                0x00000000000031f4                segment_thickness
 .data.is_30mn  0x00000000000031f8        0x1 src/c/Ruler_Weather.c.34.o
 .data.is_inv   0x00000000000031f9        0x1 src/c/Ruler_Weather.c.34.o
 .data.month    0x00000000000031fa        0x4 src/c/Ruler_Weather.c.34.o
 .data.weather_temp_char
                0x00000000000031fe        0xa src/c/Ruler_Weather.c.34.o
 .data.rel.ro.local.MonthLangGe
                0x0000000000003208       0x30 src/c/Ruler_Weather.c.34.o
 .data.is_ruler_large
                0x0000000000003238        0x1 src/c/Ruler_Weather.c.34.o
 *fill*         0x0000000000003239        0x3 
 .data.rel.ro.local.weekdayLangGe
                0x000000000000323c       0x1c src/c/Ruler_Weather.c.34.o
 .data.utc      0x0000000000003258        0x4 src/c/Ruler_Weather.c.34.o
 .data.tmax     0x000000000000325c        0xa src/c/Ruler_Weather.c.34.o
 .data.icon     0x0000000000003266       0x14 src/c/Ruler_Weather.c.34.o
 .data.is_bw_icon
                0x000000000000327a        0x1 src/c/Ruler_Weather.c.34.o
 *fill*         0x000000000000327b        0x1 
 .data.labels   0x000000000000327c       0x70 src/c/Ruler_Weather.c.34.o
 .data.line_interval
                0x00000000000032ec        0x4 src/c/Ruler_Weather.c.34.o
                0x00000000000032ec                line_interval
 .data.rel.ro.local.weekdayLangSp
                0x00000000000032f0       0x1c src/c/Ruler_Weather.c.34.o
 .data.city     0x000000000000330c       0x32 src/c/Ruler_Weather.c.34.o
 *fill*         0x000000000000333e        0x2 
 .data.select_screen
                0x0000000000003340        0x4 src/c/Ruler_Weather.c.34.o
 .data.mday     0x0000000000003344        0x4 src/c/Ruler_Weather.c.34.o
 .data.is_metric
                0x0000000000003348        0x1 src/c/Ruler_Weather.c.34.o
 *fill*         0x0000000000003349        0x3 
 .data.rel.ro.local.MonthLangEn
                0x000000000000334c       0x30 src/c/Ruler_Weather.c.34.o
 .data.icon1    0x000000000000337c       0x14 src/c/Ruler_Weather.c.34.o
 .data.icon2    0x0000000000003390       0x14 src/c/Ruler_Weather.c.34.o
 .data.icon3    0x00000000000033a4       0x14 src/c/Ruler_Weather.c.34.o
 .data.rel.ro.local.weekdayLangEn
                0x00000000000033b8       0x1c src/c/Ruler_Weather.c.34.o
 .data.week_day
                0x00000000000033d4        0x4 src/c/Ruler_Weather.c.34.o
 .data.duration
                0x00000000000033d8        0x4 src/c/Ruler_Weather.c.34.o
                0x00000000000033d8                duration
 .data.rel.ro.local.MonthLangSp
                0x00000000000033dc       0x30 src/c/Ruler_Weather.c.34.o
 .data.line1_p1
                0x000000000000340c        0x4 src/c/Ruler_Weather.c.34.o
 .data.line1_p2
                0x0000000000003410        0x4 src/c/Ruler_Weather.c.34.o
 .data.pebble_Lang
                0x0000000000003414       0x14 src/c/Ruler_Weather.c.34.o
 .data.tmin     0x0000000000003428        0xa src/c/Ruler_Weather.c.34.o
 .data.location
                0x0000000000003432       0x64 src/c/Ruler_Weather.c.34.o
 *fill*         0x0000000000003496        0x2 
 .data.rel.ro.local.MonthLangFr
                0x0000000000003498       0x30 src/c/Ruler_Weather.c.34.o

.igot.plt       0x00000000000034c8        0x0
 .igot.plt      0x0000000000000000        0x0 /home/pebble/pebble-dev/pebble-sdk-4.5-linux64/arm-cs-tools/bin/../lib/gcc/arm-none-eabi/4.7.2/thumb2/crtbegin.o

.bss            0x00000000000034c8      0x10e
 *(.bss)
 *(.bss.*)
 .bss.s_canvas_layer
                0x00000000000034c8        0x4 src/c/Ruler_Weather.c.34.o
 .bss.select_fonts
                0x00000000000034cc        0x4 src/c/Ruler_Weather.c.34.o
 .bss.last_refresh
                0x00000000000034d0        0x4 src/c/Ruler_Weather.c.34.o
                0x00000000000034d0                last_refresh
 .bss.is_bt     0x00000000000034d4        0x1 src/c/Ruler_Weather.c.34.o
 .bss.is_phone_100
                0x00000000000034d5        0x1 src/c/Ruler_Weather.c.34.o
 *fill*         0x00000000000034d6        0x2 
 .bss.t         0x00000000000034d8        0x4 src/c/Ruler_Weather.c.34.o
 .bss.color_line
                0x00000000000034dc        0x1 src/c/Ruler_Weather.c.34.o
 *fill*         0x00000000000034dd        0x3 
 .bss.phone_bat
                0x00000000000034e0        0x4 src/c/Ruler_Weather.c.34.o
 .bss.color_right
                0x00000000000034e4        0x1 src/c/Ruler_Weather.c.34.o
 *fill*         0x00000000000034e5        0x3 
 .bss.wind_speed_val
                0x00000000000034e8        0x4 src/c/Ruler_Weather.c.34.o
 .bss.rain3_val
                0x00000000000034ec        0x4 src/c/Ruler_Weather.c.34.o
 .bss.is_gradiant
                0x00000000000034f0        0x1 src/c/Ruler_Weather.c.34.o
 .bss.color_ruler
                0x00000000000034f1        0x1 src/c/Ruler_Weather.c.34.o
 .bss.heure.7727
                0x00000000000034f2        0xa src/c/Ruler_Weather.c.34.o
 .bss.layer     0x00000000000034fc        0x4 src/c/Ruler_Weather.c.34.o
 .bss.is_phone_80
                0x0000000000003500        0x1 src/c/Ruler_Weather.c.34.o
 *fill*         0x0000000000003501        0x3 
 .bss.wind1_val
                0x0000000000003504        0x4 src/c/Ruler_Weather.c.34.o
 .bss.weather_temp
                0x0000000000003508        0x4 src/c/Ruler_Weather.c.34.o
 .bss.is_charging
                0x000000000000350c        0x1 src/c/Ruler_Weather.c.34.o
                0x000000000000350c                is_charging
 *fill*         0x000000000000350d        0x3 
 .bss.s_main_window
                0x0000000000003510        0x4 src/c/Ruler_Weather.c.34.o
 .bss.fontsmallbold
                0x0000000000003514        0x4 src/c/Ruler_Weather.c.34.o
 .bss.color_temp
                0x0000000000003518        0x1 src/c/Ruler_Weather.c.34.o
 *fill*         0x0000000000003519        0x3 
 .bss.select_provider
                0x000000000000351c        0x4 src/c/Ruler_Weather.c.34.o
 .bss.rain1_val
                0x0000000000003520        0x4 src/c/Ruler_Weather.c.34.o
 .bss.hour_offset_y
                0x0000000000003524        0x4 src/c/Ruler_Weather.c.34.o
 .bss.now       0x0000000000003528       0x30 src/c/Ruler_Weather.c.34.o
 .bss.color_left
                0x0000000000003558        0x1 src/c/Ruler_Weather.c.34.o
 *fill*         0x0000000000003559        0x3 
 .bss.rain4_val
                0x000000000000355c        0x4 src/c/Ruler_Weather.c.34.o
 .bss.wind2_val
                0x0000000000003560        0x4 src/c/Ruler_Weather.c.34.o
 .bss.status_offset_y
                0x0000000000003564        0x4 src/c/Ruler_Weather.c.34.o
 .bss.temp1_val
                0x0000000000003568        0x4 src/c/Ruler_Weather.c.34.o
 .bss.color_hours
                0x000000000000356c        0x1 src/c/Ruler_Weather.c.34.o
 *fill*         0x000000000000356d        0x3 
 .bss.temp4_val
                0x0000000000003570        0x4 src/c/Ruler_Weather.c.34.o
 .bss.is_connected
                0x0000000000003574        0x1 src/c/Ruler_Weather.c.34.o
                0x0000000000003574                is_connected
 *fill*         0x0000000000003575        0x3 
 .bss.fontsmall
                0x0000000000003578        0x4 src/c/Ruler_Weather.c.34.o
 .bss.rain_ico_val
                0x000000000000357c        0x1 src/c/Ruler_Weather.c.34.o
 *fill*         0x000000000000357d        0x3 
 .bss.hour_offset_x
                0x0000000000003580        0x4 src/c/Ruler_Weather.c.34.o
 .bss.select_goal
                0x0000000000003584        0x4 src/c/Ruler_Weather.c.34.o
 .bss.battery_level
                0x0000000000003588        0x1 src/c/Ruler_Weather.c.34.o
 *fill*         0x0000000000003589        0x3 
 .bss.tmin_val  0x000000000000358c        0x4 src/c/Ruler_Weather.c.34.o
 .bss.fontmedium
                0x0000000000003590        0x4 src/c/Ruler_Weather.c.34.o
 .bss.is_vibration
                0x0000000000003594        0x1 src/c/Ruler_Weather.c.34.o
 .bss.is_phone_charging
                0x0000000000003595        0x1 src/c/Ruler_Weather.c.34.o
 *fill*         0x0000000000003596        0x2 
 .bss.tmax_val  0x0000000000003598        0x4 src/c/Ruler_Weather.c.34.o
 .bss.is_centered
                0x000000000000359c        0x1 src/c/Ruler_Weather.c.34.o
 *fill*         0x000000000000359d        0x3 
 .bss.rain2_val
                0x00000000000035a0        0x4 src/c/Ruler_Weather.c.34.o
 .bss.is_tg     0x00000000000035a4        0x1 src/c/Ruler_Weather.c.34.o
 *fill*         0x00000000000035a5        0x1 
 .bss.line2_p1  0x00000000000035a6        0x4 src/c/Ruler_Weather.c.34.o
 .bss.line2_p2  0x00000000000035aa        0x4 src/c/Ruler_Weather.c.34.o
 *fill*         0x00000000000035ae        0x2 
 .bss.fontbig   0x00000000000035b0        0x4 src/c/Ruler_Weather.c.34.o
 .bss.is_gps    0x00000000000035b4        0x1 src/c/Ruler_Weather.c.34.o
 *fill*         0x00000000000035b5        0x3 
 .bss.wind3_val
                0x00000000000035b8        0x4 src/c/Ruler_Weather.c.34.o
 .bss.color_2nd_temp
                0x00000000000035bc        0x1 src/c/Ruler_Weather.c.34.o
 .bss.is_pc     0x00000000000035bd        0x1 src/c/Ruler_Weather.c.34.o
 *fill*         0x00000000000035be        0x2 
 .bss.status_offset_x
                0x00000000000035c0        0x4 src/c/Ruler_Weather.c.34.o
 .bss.temp2_val
                0x00000000000035c4        0x4 src/c/Ruler_Weather.c.34.o
 .bss.temp3_val
                0x00000000000035c8        0x4 src/c/Ruler_Weather.c.34.o
 .bss.temp5_val
                0x00000000000035cc        0x4 src/c/Ruler_Weather.c.34.o
 .bss.hour_part_size
                0x00000000000035d0        0x4 src/c/Ruler_Weather.c.34.o
 .bss.color_2nd_back
                0x00000000000035d4        0x1 src/c/Ruler_Weather.c.34.o
 .bss.is_month  0x00000000000035d5        0x1 src/c/Ruler_Weather.c.34.o

DISCARD
 libc.a(*)
 libm.a(*)
 libgcc.a(*)
 *(.eh_frame)
OUTPUT(/home/pebble/pebble-projects/Din-Clean/build/aplite/pebble-app.elf elf32-littlearm)

.ARM.attributes
                0x0000000000000000       0x27
 .ARM.attributes
                0x0000000000000000       0x19 /home/pebble/pebble-dev/pebble-sdk-4.5-linux64/arm-cs-tools/bin/../lib/gcc/arm-none-eabi/4.7.2/thumb2/crti.o
 .ARM.attributes
                0x0000000000000019       0x29 /home/pebble/pebble-dev/pebble-sdk-4.5-linux64/arm-cs-tools/bin/../lib/gcc/arm-none-eabi/4.7.2/thumb2/crtbegin.o
 .ARM.attributes
                0x0000000000000042       0x33 src/c/Ruler_Weather.c.34.o
 .ARM.attributes
                0x0000000000000075       0x33 aplite/appinfo.auto.c.34.o
 .ARM.attributes
                0x00000000000000a8       0x33 aplite/src/resource_ids.auto.c.34.o
 .ARM.attributes
                0x00000000000000db       0x33 src/message_keys.auto.c.34.o
 .ARM.attributes
                0x000000000000010e       0x21 /home/pebble/.pebble-sdk/SDKs/current/sdk-core/pebble/aplite/lib/libpebble.a(tmp7jpKUopebble.o)
 .ARM.attributes
                0x000000000000012f       0x19 /home/pebble/pebble-dev/pebble-sdk-4.5-linux64/arm-cs-tools/bin/../lib/gcc/arm-none-eabi/4.7.2/thumb2/libgcc.a(_arm_addsubsf3.o)
 .ARM.attributes
                0x0000000000000148       0x19 /home/pebble/pebble-dev/pebble-sdk-4.5-linux64/arm-cs-tools/bin/../lib/gcc/arm-none-eabi/4.7.2/thumb2/libgcc.a(_arm_muldivsf3.o)
 .ARM.attributes
                0x0000000000000161       0x19 /home/pebble/pebble-dev/pebble-sdk-4.5-linux64/arm-cs-tools/bin/../lib/gcc/arm-none-eabi/4.7.2/thumb2/libgcc.a(_arm_cmpsf2.o)
 .ARM.attributes
                0x000000000000017a       0x29 /home/pebble/pebble-dev/pebble-sdk-4.5-linux64/arm-cs-tools/bin/../lib/gcc/arm-none-eabi/4.7.2/thumb2/crtend.o
 .ARM.attributes
                0x00000000000001a3       0x19 /home/pebble/pebble-dev/pebble-sdk-4.5-linux64/arm-cs-tools/bin/../lib/gcc/arm-none-eabi/4.7.2/thumb2/crtn.o

.comment        0x0000000000000000       0x4e
 .comment       0x0000000000000000       0x4e /home/pebble/pebble-dev/pebble-sdk-4.5-linux64/arm-cs-tools/bin/../lib/gcc/arm-none-eabi/4.7.2/thumb2/crtbegin.o
                                         0x4f (size before relaxing)
 .comment       0x0000000000000000       0x4f src/c/Ruler_Weather.c.34.o
 .comment       0x0000000000000000       0x4f aplite/appinfo.auto.c.34.o
 .comment       0x0000000000000000       0x4f aplite/src/resource_ids.auto.c.34.o
 .comment       0x0000000000000000       0x4f src/message_keys.auto.c.34.o
 .comment       0x0000000000000000       0x4f /home/pebble/pebble-dev/pebble-sdk-4.5-linux64/arm-cs-tools/bin/../lib/gcc/arm-none-eabi/4.7.2/thumb2/crtend.o

.debug_info     0x0000000000000000     0x5b73
 .debug_info    0x0000000000000000     0x4b36 src/c/Ruler_Weather.c.34.o
 .debug_info    0x0000000000004b36      0x31a aplite/appinfo.auto.c.34.o
 .debug_info    0x0000000000004e50      0x4dd aplite/src/resource_ids.auto.c.34.o
 .debug_info    0x000000000000532d      0x621 src/message_keys.auto.c.34.o
 .debug_info    0x000000000000594e       0xb7 /home/pebble/pebble-dev/pebble-sdk-4.5-linux64/arm-cs-tools/bin/../lib/gcc/arm-none-eabi/4.7.2/thumb2/libgcc.a(_arm_addsubsf3.o)
 .debug_info    0x0000000000005a05       0xb7 /home/pebble/pebble-dev/pebble-sdk-4.5-linux64/arm-cs-tools/bin/../lib/gcc/arm-none-eabi/4.7.2/thumb2/libgcc.a(_arm_muldivsf3.o)
 .debug_info    0x0000000000005abc       0xb7 /home/pebble/pebble-dev/pebble-sdk-4.5-linux64/arm-cs-tools/bin/../lib/gcc/arm-none-eabi/4.7.2/thumb2/libgcc.a(_arm_cmpsf2.o)

.debug_abbrev   0x0000000000000000      0x625
 .debug_abbrev  0x0000000000000000      0x4c3 src/c/Ruler_Weather.c.34.o
 .debug_abbrev  0x00000000000004c3       0x9e aplite/appinfo.auto.c.34.o
 .debug_abbrev  0x0000000000000561       0x44 aplite/src/resource_ids.auto.c.34.o
 .debug_abbrev  0x00000000000005a5       0x44 src/message_keys.auto.c.34.o
 .debug_abbrev  0x00000000000005e9       0x14 /home/pebble/pebble-dev/pebble-sdk-4.5-linux64/arm-cs-tools/bin/../lib/gcc/arm-none-eabi/4.7.2/thumb2/libgcc.a(_arm_addsubsf3.o)
 .debug_abbrev  0x00000000000005fd       0x14 /home/pebble/pebble-dev/pebble-sdk-4.5-linux64/arm-cs-tools/bin/../lib/gcc/arm-none-eabi/4.7.2/thumb2/libgcc.a(_arm_muldivsf3.o)
 .debug_abbrev  0x0000000000000611       0x14 /home/pebble/pebble-dev/pebble-sdk-4.5-linux64/arm-cs-tools/bin/../lib/gcc/arm-none-eabi/4.7.2/thumb2/libgcc.a(_arm_cmpsf2.o)

.debug_loc      0x0000000000000000     0x151d
 .debug_loc     0x0000000000000000     0x151d src/c/Ruler_Weather.c.34.o

.debug_aranges  0x0000000000000000      0x130
 .debug_aranges
                0x0000000000000000       0x88 src/c/Ruler_Weather.c.34.o
 .debug_aranges
                0x0000000000000088       0x18 aplite/appinfo.auto.c.34.o
 .debug_aranges
                0x00000000000000a0       0x18 aplite/src/resource_ids.auto.c.34.o
 .debug_aranges
                0x00000000000000b8       0x18 src/message_keys.auto.c.34.o
 .debug_aranges
                0x00000000000000d0       0x20 /home/pebble/pebble-dev/pebble-sdk-4.5-linux64/arm-cs-tools/bin/../lib/gcc/arm-none-eabi/4.7.2/thumb2/libgcc.a(_arm_addsubsf3.o)
 .debug_aranges
                0x00000000000000f0       0x20 /home/pebble/pebble-dev/pebble-sdk-4.5-linux64/arm-cs-tools/bin/../lib/gcc/arm-none-eabi/4.7.2/thumb2/libgcc.a(_arm_muldivsf3.o)
 .debug_aranges
                0x0000000000000110       0x20 /home/pebble/pebble-dev/pebble-sdk-4.5-linux64/arm-cs-tools/bin/../lib/gcc/arm-none-eabi/4.7.2/thumb2/libgcc.a(_arm_cmpsf2.o)

.debug_ranges   0x0000000000000000      0x150
 .debug_ranges  0x0000000000000000      0x150 src/c/Ruler_Weather.c.34.o

.debug_line     0x0000000000000000      0xed7
 .debug_line    0x0000000000000000      0x8b4 src/c/Ruler_Weather.c.34.o
 .debug_line    0x00000000000008b4      0x121 aplite/appinfo.auto.c.34.o
 .debug_line    0x00000000000009d5       0xcc aplite/src/resource_ids.auto.c.34.o
 .debug_line    0x0000000000000aa1       0xc5 src/message_keys.auto.c.34.o
 .debug_line    0x0000000000000b66      0x128 /home/pebble/pebble-dev/pebble-sdk-4.5-linux64/arm-cs-tools/bin/../lib/gcc/arm-none-eabi/4.7.2/thumb2/libgcc.a(_arm_addsubsf3.o)
 .debug_line    0x0000000000000c8e      0x149 /home/pebble/pebble-dev/pebble-sdk-4.5-linux64/arm-cs-tools/bin/../lib/gcc/arm-none-eabi/4.7.2/thumb2/libgcc.a(_arm_muldivsf3.o)
 .debug_line    0x0000000000000dd7      0x100 /home/pebble/pebble-dev/pebble-sdk-4.5-linux64/arm-cs-tools/bin/../lib/gcc/arm-none-eabi/4.7.2/thumb2/libgcc.a(_arm_cmpsf2.o)

.debug_str      0x0000000000000000     0x2b77
 .debug_str     0x0000000000000000     0x1971 src/c/Ruler_Weather.c.34.o
                                       0x1a82 (size before relaxing)
 .debug_str     0x0000000000001971      0x22f aplite/appinfo.auto.c.34.o
                                        0x31b (size before relaxing)
 .debug_str     0x0000000000001ba0      0x688 aplite/src/resource_ids.auto.c.34.o
                                        0x74e (size before relaxing)
 .debug_str     0x0000000000002228      0x94f src/message_keys.auto.c.34.o
                                        0xa15 (size before relaxing)

.debug_frame    0x0000000000000000      0x174
 .debug_frame   0x0000000000000000      0x174 src/c/Ruler_Weather.c.34.o
